venv\Scripts\python : 
Creating test database for 
alias 'default'...
No linha:1 caractere:1
+ venv\Scripts\python 
manage.py test 
reports.tests_insights > 
test_log. ...
+ ~~~~~~~~~~~~~~~~~~~~~~~~~~
~~~~~~~~~~~~~~~~~~~~~~~~~~~~
~~~~~~~~~~~~~~~
    + CategoryInfo          
    : NotSpecified: (Creat  
  ing test d...as 'defaul   
 t'...:String) [], Remot    
eException
    + FullyQualifiedErrorId 
    : NativeCommandError
 

F
============================
============================
==============
FAIL: test_insights_endpoint
_structure (reports.tests_in
sights.DashboardInsightsTest
s.test_insights_endpoint_str
ucture)
----------------------------
----------------------------
--------------
Traceback (most recent call 
last):
  File "C:\Users\leonardo.yu
ki\OneDrive - Matra 
Tratores\┴rea de Trabalho\Te
ste\backend\reports\tests_in
sights.py", line 77, in test
_insights_endpoint_structure
    self.assertIn("Aumento 
de 25.0% em relaþÒo ao mÛs 
anterior", 
data['insights_list'])
    ~~~~~~~~~~~~~^^^^^^^^^^^
^^^^^^^^^^^^^^^^^^^^^^^^^^^^
^^^^^^^^^^^^^^^^^^^^^^^^^^^^
^^^
AssertionError: 'Aumento de 
25.0% em relaþÒo ao mÛs 
anterior' not found in 
['Aumento de 25.0% em 
relaþÒo ao mÛs anterior.', 
'1 faturas com erro de 
importaþÒo exigem 
atenþÒo.', '1 faturas 
duplicadas foram 
ignoradas.']

----------------------------
----------------------------
--------------
Ran 1 test in 0.494s

FAILED (failures=1)
Destroying test database 
for alias 'default'...

Found 1 test(s).
System check identified no issues (0 silenced).
